******************************************************************************
                  TI ARM Linker PC v20.2.7                     
******************************************************************************
>> Linked Tue May 30 18:50:07 2023

OUTPUT FILE NAME:   <CAN.out>
ENTRY POINT SYMBOL: "_c_int00_noargs"  address: 00000bc5


MEMORY CONFIGURATION

         name            origin    length      used     unused   attr    fill
----------------------  --------  ---------  --------  --------  ----  --------
  FLASH                 00000000   00040000  00000c52  0003f3ae  R  X
  SRAM                  20000000   00008000  00000201  00007dff  RW X


SEGMENT ALLOCATION MAP

run origin  load origin   length   init length attrs members
----------  ----------- ---------- ----------- ----- -------
00000000    00000000    00000c58   00000c58    r-x
  00000000    00000000    0000026c   0000026c    r-- .intvecs
  0000026c    0000026c    000009ae   000009ae    r-x .text
  00000c1a    00000c1a    00000020   00000020    r-- .const
  00000c40    00000c40    00000018   00000018    r-- .cinit
20000000    20000000    00000201   00000000    rw-
  20000000    20000000    00000200   00000000    rw- .stack
  20000200    20000200    00000001   00000000    rw- .data


SECTION ALLOCATION MAP

 output                                  attributes/
section   page    origin      length       input sections
--------  ----  ----------  ----------   ----------------
.intvecs   0    00000000    0000026c     
                  00000000    0000026c     tm4c123gh6pm_startup_ccs.obj (.intvecs)

.text      0    0000026c    000009ae     
                  0000026c    000007ac     can.obj (.text)
                  00000a18    0000009c     rtsv7M4_T_le_v4SPD16_eabi.lib : memcpy_t2.asm.obj (.text)
                  00000ab4    00000068                                   : copy_decompress_lzss.c.obj (.text:decompress:lzss:__TI_decompress_lzss)
                  00000b1c    00000064     main.obj (.text)
                  00000b80    00000044     rtsv7M4_T_le_v4SPD16_eabi.lib : autoinit.c.obj (.text:__TI_auto_init_nobinit_nopinit:__TI_auto_init_nobinit_nopinit)
                  00000bc4    00000034                                   : boot_cortex_m.c.obj (.text:_c_int00_noargs:_c_int00_noargs)
                  00000bf8    0000000e                                   : copy_decompress_none.c.obj (.text:decompress:none:__TI_decompress_none)
                  00000c06    0000000c     tm4c123gh6pm_startup_ccs.obj (.text)
                  00000c12    00000004     rtsv7M4_T_le_v4SPD16_eabi.lib : pre_init.c.obj (.text:_system_pre_init)
                  00000c16    00000004                                   : exit.c.obj (.text:abort:abort)

.const     0    00000c1a    00000020     
                  00000c1a    00000020     can.obj (.const:CANBitsValues)

.cinit     0    00000c40    00000018     
                  00000c40    00000008     (__TI_handler_table)
                  00000c48    00000005     (.cinit..data.load) [load image, compression = lzss]
                  00000c4d    00000003     --HOLE-- [fill = 0]
                  00000c50    00000008     (__TI_cinit_table)

.init_array 
*          0    00000000    00000000     UNINITIALIZED

.data      0    20000200    00000001     UNINITIALIZED
                  20000200    00000001     main.obj (.data)

.stack     0    20000000    00000200     UNINITIALIZED
                  20000000    00000004     rtsv7M4_T_le_v4SPD16_eabi.lib : boot_cortex_m.c.obj (.stack)
                  20000004    000001fc     --HOLE--

__llvm_prf_cnts 
*          0    20000000    00000000     UNINITIALIZED

MODULE SUMMARY

       Module                         code   ro data   rw data
       ------                         ----   -------   -------
    .\
       can.obj                        1964   32        0      
       tm4c123gh6pm_startup_ccs.obj   12     620       0      
       main.obj                       100    0         1      
    +--+------------------------------+------+---------+---------+
       Total:                         2076   652       1      
                                                              
    C:\ti\ccs1210\ccs\tools\compiler\ti-cgt-arm_20.2.7.LTS\lib\rtsv7M4_T_le_v4SPD16_eabi.lib
       memcpy_t2.asm.obj              156    0         0      
       copy_decompress_lzss.c.obj     104    0         0      
       autoinit.c.obj                 68     0         0      
       boot_cortex_m.c.obj            52     0         0      
       copy_decompress_none.c.obj     14     0         0      
       exit.c.obj                     4      0         0      
       pre_init.c.obj                 4      0         0      
    +--+------------------------------+------+---------+---------+
       Total:                         402    0         0      
                                                              
       Stack:                         0      0         512    
       Linker Generated:              0      21        0      
    +--+------------------------------+------+---------+---------+
       Grand Total:                   2478   673       513    


LINKER GENERATED COPY TABLES

__TI_cinit_table @ 00000c50 records: 1, size/record: 8, table size: 8
	.data: load addr=00000c48, load size=00000005 bytes, run addr=20000200, run size=00000001 bytes, compression=lzss


LINKER GENERATED HANDLER TABLE

__TI_handler_table @ 00000c40 records: 2, size/record: 4, table size: 8
	index: 0, handler: __TI_decompress_lzss
	index: 1, handler: __TI_decompress_none


GLOBAL SYMBOLS: SORTED ALPHABETICALLY BY Name 

address   name                          
-------   ----                          
00000c17  C$$EXIT                       
0000044f  CANDisable                    
00000427  CANEnable                     
0000026d  CANInit                       
00000739  CANIntEnable                  
00000779  CanMessageGet                 
000004a9  CanMessageSet                 
00000b1d  INTCanHandler                 
00000c07  ResetISR                      
20000200  __STACK_END                   
00000200  __STACK_SIZE                  
20000200  __STACK_TOP                   
00000c50  __TI_CINIT_Base               
00000c58  __TI_CINIT_Limit              
00000c40  __TI_Handler_Table_Base       
00000c48  __TI_Handler_Table_Limit      
00000b81  __TI_auto_init_nobinit_nopinit
00000ab5  __TI_decompress_lzss          
00000bf9  __TI_decompress_none          
ffffffff  __TI_pprof_out_hndl           
ffffffff  __TI_prof_data_size           
ffffffff  __TI_prof_data_start          
00000000  __TI_static_base__            
00000a19  __aeabi_memcpy                
00000a19  __aeabi_memcpy4               
00000a19  __aeabi_memcpy8               
ffffffff  __binit__                     
ffffffff  __c_args__                    
UNDEFED   __mpu_init                    
20000000  __stack                       
20000000  __start___llvm_prf_cnts       
20000000  __stop___llvm_prf_cnts        
00000bc5  _c_int00_noargs               
UNDEFED   _system_post_cinit            
00000c13  _system_pre_init              
00000c17  abort                         
ffffffff  binit                         
00000000  g_pfnVectors                  
00000b25  main                          
00000a19  memcpy                        
20000200  msgRecieved                   


GLOBAL SYMBOLS: SORTED BY Symbol Address 

address   name                          
-------   ----                          
00000000  __TI_static_base__            
00000000  g_pfnVectors                  
00000200  __STACK_SIZE                  
0000026d  CANInit                       
00000427  CANEnable                     
0000044f  CANDisable                    
000004a9  CanMessageSet                 
00000739  CANIntEnable                  
00000779  CanMessageGet                 
00000a19  __aeabi_memcpy                
00000a19  __aeabi_memcpy4               
00000a19  __aeabi_memcpy8               
00000a19  memcpy                        
00000ab5  __TI_decompress_lzss          
00000b1d  INTCanHandler                 
00000b25  main                          
00000b81  __TI_auto_init_nobinit_nopinit
00000bc5  _c_int00_noargs               
00000bf9  __TI_decompress_none          
00000c07  ResetISR                      
00000c13  _system_pre_init              
00000c17  C$$EXIT                       
00000c17  abort                         
00000c40  __TI_Handler_Table_Base       
00000c48  __TI_Handler_Table_Limit      
00000c50  __TI_CINIT_Base               
00000c58  __TI_CINIT_Limit              
20000000  __stack                       
20000000  __start___llvm_prf_cnts       
20000000  __stop___llvm_prf_cnts        
20000200  __STACK_END                   
20000200  __STACK_TOP                   
20000200  msgRecieved                   
ffffffff  __TI_pprof_out_hndl           
ffffffff  __TI_prof_data_size           
ffffffff  __TI_prof_data_start          
ffffffff  __binit__                     
ffffffff  __c_args__                    
ffffffff  binit                         
UNDEFED   __mpu_init                    
UNDEFED   _system_post_cinit            

[41 symbols]
